
**** 03/28/26 19:54:34 *** PSpice 25.1.0 (23 November 2025) *** ID# 0 ********

 ** Profile: "SCHEMATIC1-DC-SWEEP"  [ C:\Users\drena\Nextcloud\SFU\Courses\ENSC 325\Project\cmos-opamp\Cadence\cmos-opamp-PSpiceFiles


 ****     CIRCUIT DESCRIPTION


******************************************************************************




** Creating circuit file "DC-SWEEP.cir" 
** WARNING: THIS AUTOMATICALLY GENERATED FILE MAY BE OVERWRITTEN BY SUBSEQUENT SIMULATIONS

*Libraries: 
* Profile Libraries :
* Local Libraries :
* From [PSPICE NETLIST] section of C:\Users\drena\AppData\Roaming\SPB_Data\cdssetup\OrCAD_PSpice\25.1.0\PSpice.ini file:
.lib "C:\Users\drena\Nextcloud\SFU\Courses\ENSC 325\Project\cmos-opamp\Cadence\mosfet.lib" 
.lib "C:\Users\drena\Nextcloud\SFU\Courses\ENSC 325\Labs\4\OrCAD\MC14007.lib" 
.lib "nom.lib" 

*Analysis directives: 
.DC LIN V_V_BIAS3 -4.5 -2.5 0.01 
.OPTIONS ADVCONV
.PROBE64 V(alias(*)) I(alias(*)) W(alias(*)) D(alias(*)) NOISE(alias(*)) 
.INC "..\SCHEMATIC1.net" 



**** INCLUDING SCHEMATIC1.net ****
* source CMOS-OPAMP
M_M1         N01469 V_I+ N01822 N01822 PMOS_TRANSISTOR  
+ L=10e-6  
+ W=500e-6         
M_M2         N01473 0 N01822 N01822 PMOS_TRANSISTOR  
+ L=10e-6  
+ W=500e-6         
M_M4C         V_O N00816 N00756 N00756 PMOS_TRANSISTOR  
+ L=20e-6  
+ W=40e-6         
M_M4         N00756 N00756 N00963 N00963 PMOS_TRANSISTOR  
+ L=20e-6  
+ W=40e-6         
M_M3         N00812 N00756 N00963 N00963 PMOS_TRANSISTOR  
+ L=20e-6  
+ W=40e-6         
M_M3C         N00816 N00816 N00812 N00812 PMOS_TRANSISTOR  
+ L=20e-6  
+ W=40e-6         
V_V_DD         V_DD 0 5Vdc
V_V_SS         0 V_SS 5Vdc
M_M2C         V_O V_BIAS3 N01473 N01473 NMOS_TRANSISTOR  
+ L=10e-6  
+ W=500e-6         
M_M7         N01473 V_BIAS2 V_SS V_SS NMOS_TRANSISTOR  
+ L=20e-6  
+ W=40e-6         
M_M6         N01469 V_BIAS2 V_SS V_SS NMOS_TRANSISTOR  
+ L=20e-6  
+ W=40e-6         
M_M1C         N00816 V_BIAS3 N01469 N01469 NMOS_TRANSISTOR  
+ L=10e-6  
+ W=500e-6         
M_M5         N01822 V_BIAS1 V_DD V_DD PMOS_TRANSISTOR  
+ L=120e-6  
+ W=40e-6         
V_V_BIAS3         V_BIAS3 0 -3.484
V_V_BIAS2         V_BIAS2 0 -1
M_M8         V_BIAS1 V_BIAS1 V_DD V_DD PMOS_TRANSISTOR  
+ L=120e-6  
+ W=10e-6         
R_R1         0 V_BIAS1  1k TC=0,0 
V_V1         V_I+ 0 DC 0Vdc AC 0.01 
M_M9         N00963 V_BIAS1 V_DD V_DD PMOS_TRANSISTOR  
+ L=120e-6  
+ W=20e-6         

**** RESUMING DC-SWEEP.cir ****
.END

**** 03/28/26 19:54:34 *** PSpice 25.1.0 (23 November 2025) *** ID# 0 ********

 ** Profile: "SCHEMATIC1-DC-SWEEP"  [ C:\Users\drena\Nextcloud\SFU\Courses\ENSC 325\Project\cmos-opamp\Cadence\cmos-opamp-PSpiceFiles


 ****     MOSFET MODEL PARAMETERS


******************************************************************************




               PMOS_TRANSISTOR NMOS_TRANSISTOR 
               PMOS            NMOS            
       LEVEL    2               2            
           L  100.000000E-06  100.000000E-06 
           W  100.000000E-06  100.000000E-06 
          LD  600.000000E-09  700.000000E-09 
         VTO   -1               1            
          KP   10.156310E-06   30.468920E-06 
       GAMMA     .634249        1.418223     
         PHI     .61218          .695434     
      LAMBDA    0               0            
         RSH   75              15            
          IS   10.000000E-15   10.000000E-15 
          JS    1.000000E-06    1.000000E-06 
          PB     .7              .7          
        PBSW     .7              .7          
          CJ  180.000000E-06  400.000000E-06 
        CJSW  600.000000E-12  800.000000E-12 
          MJ    2               2            
        MJSW    2               2            
        CGSO  400.000000E-12  400.000000E-12 
        CGDO  400.000000E-12  400.000000E-12 
        CGBO  200.000000E-12  200.000000E-12 
        NSUB    2.000000E+15   10.000000E+15 
         TOX   85.000000E-09   85.000000E-09 
          XJ  900.000000E-09    1.000000E-06 
          UO  250             750            
       UCRIT   10.000000E+03   50.000000E+03 
        UEXP     .03             .14         
        VMAX   30.000000E+03   50.000000E+03 
      DIOMOD    1               1            
         VFB    0               0            
        LETA    0               0            
        WETA    0               0            
          U0    0               0            
        TEMP    0               0            
         VDD    5               5            
       XPART    0               0            



          JOB CONCLUDED

**** 03/28/26 19:54:34 *** PSpice 25.1.0 (23 November 2025) *** ID# 0 ********

 ** Profile: "SCHEMATIC1-DC-SWEEP"  [ C:\Users\drena\Nextcloud\SFU\Courses\ENSC 325\Project\cmos-opamp\Cadence\cmos-opamp-PSpiceFiles


 ****     JOB STATISTICS SUMMARY


******************************************************************************



  Total job time (using Solver 1)   =         .06
