
**** 04/04/26 17:24:07 *** PSpice 25.1.0 (23 November 2025) *** ID# 0 ********

 ** Profile: "SCHEMATIC1-DC"  [ C:\Users\drena\Nextcloud\SFU\Courses\ENSC 325\Project\cmos-opamp\Cadence\cmos-opamp-pspicefiles\schem


 ****     CIRCUIT DESCRIPTION


******************************************************************************




** Creating circuit file "DC.cir" 
** WARNING: THIS AUTOMATICALLY GENERATED FILE MAY BE OVERWRITTEN BY SUBSEQUENT SIMULATIONS

*Libraries: 
* Profile Libraries :
* Local Libraries :
.LIB "../../../mosfet.lib" 
* From [PSPICE NETLIST] section of C:\Users\drena\AppData\Roaming\SPB_Data\cdssetup\OrCAD_PSpice\25.1.0\PSpice.ini file:
.lib "C:\Users\drena\Nextcloud\SFU\Courses\ENSC 325\Project\cmos-opamp\Cadence\mosfet.lib" 
.lib "C:\Users\drena\Nextcloud\SFU\Courses\ENSC 325\Labs\4\OrCAD\MC14007.lib" 
.lib "nom.lib" 

*Analysis directives: 
.TRAN  0 1ms 0 
.OPTIONS ADVCONV
.PROBE64 V(alias(*)) I(alias(*)) W(alias(*)) D(alias(*)) NOISE(alias(*)) 
.INC "..\SCHEMATIC1.net" 



**** INCLUDING SCHEMATIC1.net ****
* source CMOS-OPAMP
M_M1         N01469 V_I+ N01822 N01822 PMOS_TRANSISTOR  
+ L=10e-6  
+ W=500e-6         
M_M2         N01473 0 N01822 N01822 PMOS_TRANSISTOR  
+ L=10e-6  
+ W=500e-6         
M_M4C         N01553 N00816 N00756 N00756 PMOS_TRANSISTOR  
+ L=20e-6  
+ W=5e-6         
M_M4         N00756 N00756 V_DD V_DD PMOS_TRANSISTOR  
+ L=5e-6  
+ W=5e-6         
M_M3         N00812 N00756 V_DD V_DD PMOS_TRANSISTOR  
+ L=5e-6  
+ W=5e-6         
M_M3C         N00816 N00816 N00812 N00812 PMOS_TRANSISTOR  
+ L=20e-6  
+ W=5e-6         
V_V_DD         V_DD 0 5Vdc
V_V_SS         0 V_SS 5Vdc
M_M2C         N01553 0 N01473 N01473 NMOS_TRANSISTOR  
+ L=10e-6  
+ W=5e-6         
M_M7         N01473 V_BIAS3 V_SS V_SS NMOS_TRANSISTOR  
+ L=30e-6  
+ W=19e-6         
M_M6         N01469 V_BIAS3 V_SS V_SS NMOS_TRANSISTOR  
+ L=30e-6  
+ W=19e-6         
M_M1C         N00816 0 N01469 N01469 NMOS_TRANSISTOR  
+ L=10e-6  
+ W=5e-6         
M_M5         N01822 V_BIAS1 V_DD V_DD PMOS_TRANSISTOR  
+ L=120e-6  
+ W=60e-6         
M_M8         V_BIAS1 V_BIAS1 V_DD V_DD PMOS_TRANSISTOR  
+ L=120e-6  
+ W=10e-6         
R_R1         0 V_BIAS1  1k TC=0,0 
V_V1         V_I+ 0 DC 0Vdc AC 0.01 
C_C_L         0 V_O  10p  TC=0,0 
C_C_C         N01553 0  6p  TC=0,0 
M_M9         V_DD N01553 V_O V_O NMOS_TRANSISTOR  
+ L=5e-6  
+ W=400e-6         
M_M10         V_O V_BIAS1 V_SS V_SS NMOS_TRANSISTOR  
+ L=300e-6  
+ W=5e-6         
M_M11         V_DD V_DD 0 0 NMOS_TRANSISTOR  
+ L=500e-6  
+ W=5e-6         
M_M12         0 0 V_BIAS3 V_BIAS3 NMOS_TRANSISTOR  
+ L=45e-6  
+ W=5e-6         
M_M13         V_BIAS3 V_BIAS3 V_SS V_SS NMOS_TRANSISTOR  
+ L=115e-6  
+ W=5e-6         
M_M14         V_DD V_DD N38909 N38909 NMOS_TRANSISTOR  
+ L=475e-6  
+ W=5e-6         
M_M15         N38909 N38909 N38939 N38939 NMOS_TRANSISTOR  
+ L=20e-6  
+ W=30e-6         
M_M16         N38939 N38939 V_SS V_SS NMOS_TRANSISTOR  
+ L=225e-6  
+ W=5e-6         

**** RESUMING DC.cir ****
.END

**** 04/04/26 17:24:07 *** PSpice 25.1.0 (23 November 2025) *** ID# 0 ********

 ** Profile: "SCHEMATIC1-DC"  [ C:\Users\drena\Nextcloud\SFU\Courses\ENSC 325\Project\cmos-opamp\Cadence\cmos-opamp-pspicefiles\schem


 ****     MOSFET MODEL PARAMETERS


******************************************************************************




               PMOS_TRANSISTOR NMOS_TRANSISTOR 
               PMOS            NMOS            
       LEVEL    2               2            
           L  100.000000E-06  100.000000E-06 
           W  100.000000E-06  100.000000E-06 
          LD  600.000000E-09  700.000000E-09 
         VTO   -1               1            
          KP   10.156310E-06   30.468920E-06 
       GAMMA     .634249        1.418223     
         PHI     .61218          .695434     
      LAMBDA    0               0            
         RSH   75              15            
          IS   10.000000E-15   10.000000E-15 
          JS    1.000000E-06    1.000000E-06 
          PB     .7              .7          
        PBSW     .7              .7          
          CJ  180.000000E-06  400.000000E-06 
        CJSW  600.000000E-12  800.000000E-12 
          MJ    2               2            
        MJSW    2               2            
        CGSO  400.000000E-12  400.000000E-12 
        CGDO  400.000000E-12  400.000000E-12 
        CGBO  200.000000E-12  200.000000E-12 
        NSUB    2.000000E+15   10.000000E+15 
         TOX   85.000000E-09   85.000000E-09 
          XJ  900.000000E-09    1.000000E-06 
          UO  250             750            
       UCRIT   10.000000E+03   50.000000E+03 
        UEXP     .03             .14         
        VMAX   30.000000E+03   50.000000E+03 
      DIOMOD    1               1            
         VFB    0               0            
        LETA    0               0            
        WETA    0               0            
          U0    0               0            
        TEMP    0               0            
         VDD    5               5            
       XPART    0               0            


**** 04/04/26 17:24:07 *** PSpice 25.1.0 (23 November 2025) *** ID# 0 ********

 ** Profile: "SCHEMATIC1-DC"  [ C:\Users\drena\Nextcloud\SFU\Courses\ENSC 325\Project\cmos-opamp\Cadence\cmos-opamp-pspicefiles\schem


 ****     INITIAL TRANSIENT SOLUTION       TEMPERATURE =   27.000 DEG C


******************************************************************************



 NODE   VOLTAGE     NODE   VOLTAGE     NODE   VOLTAGE     NODE   VOLTAGE


(  V_O)   -1.0716  ( V_DD)    5.0000  ( V_I+)    0.0000  ( V_SS)   -5.0000      

(N00756)    3.1172 (N00812)    3.1172 (N00816)    -.1879 (N01469)   -1.9639     

(N01473)   -1.9639 (N01553)    -.1879 (N01822)    1.2065 (N38909)     .0044     

(N38939)   -1.2876 (V_BIAS1)     .0050                   (V_BIAS3)   -2.1309    




    VOLTAGE SOURCE CURRENTS
    NAME         CURRENT

    V_V_DD      -5.080E-05
    V_V_SS      -4.580E-05
    V_V1         0.000E+00

    TOTAL POWER DISSIPATION   4.83E-04  WATTS



          JOB CONCLUDED

**** 04/04/26 17:24:07 *** PSpice 25.1.0 (23 November 2025) *** ID# 0 ********

 ** Profile: "SCHEMATIC1-DC"  [ C:\Users\drena\Nextcloud\SFU\Courses\ENSC 325\Project\cmos-opamp\Cadence\cmos-opamp-pspicefiles\schem


 ****     JOB STATISTICS SUMMARY


******************************************************************************



  Total job time (using Solver 1)   =         .05
